// Jest Snapshot v1, https://goo.gl/fbAQLP

exports[`Hello World should render correctly with no props 1`] = `
<div>
  Hello World!
</div>
`;
